
=== trial-001 (1 of 5): behavior=drain trigger=evict grace=30s ===
preflight [ ok ] probe-pod-ready                      1250ms
preflight [ ok ] k8s-watches-delivering                  0ms
preflight [ ok ] service-endpoint-stable              2001ms
preflight [ ok ] flows-dialed                            7ms
preflight [ ok ] tcp-flows-established                 501ms
preflight [ ok ] udp-flows-replying                     50ms
trigger: evict drainwatch/drainwatch-probe-5497cd7d46-nxwjm at 2026-09-01T01:06:45.050018332Z
all flows terminal at t+25124ms

drainwatch 0.1.0-10-g173d102 (173d102)  trial trial-001
==============================================================================
ENVIRONMENT
  kubernetes                  v1.34.0
  nodes                       2
    drainwatch-control-plane  containerd://2.1.3 / v1.34.0 / Debian GNU/Linux 12 (bookworm)
    drainwatch-worker         containerd://2.1.3 / v1.34.0 / Debian GNU/Linux 12 (bookworm)
  kube-proxy mode             iptables
  cni                         kindnet (identified by DaemonSet name; best effort)
  host                        linux/amd64
  started                     2026-09-01T01:06:30.952376531Z

CONFIG
  flows             10 tcp, 10 udp
  drain behavior    drain (DRAIN_MAX_SECONDS=25)
  trigger           evict
  grace period      30 s
  settle / observe  10 s / 60 s
  target            127.0.0.1 tcp:30071 udp:30072 (ns drainwatch)

TIMELINE (t_ms relative to trigger_issued)
  T_MS      SOURCE        EVENT                           DETAIL
  -13941    orchestrator  workload_applied                deployment=drainwatch/drainwatch-probe image=drainwatch-probe:0.1.0 grace=30s
  -13936    k8s           pod_observed                    drainwatch-probe-5497cd7d46-nxwjm phase=Pending
  -13927    k8s           endpointslice_observed          drainwatch-probe-7mnm9 endpoints=0
  -13083 ~  probe         probe_started                   probe_version=0.1.0-10-g173d102 probe_commit=173d102 instance=drainwatch-probe-5497cd7d46-nxwjm tcp=7001 udp=7002 readyz=7003 drain_max_seconds=25 exit_now_force_rst=true
  -13081 ~  probe         listening                       tcp=:7001 udp=:7002 readyz=:7003
  -10030    orchestrator  preflight_passed                10 tcp flows and 10 udp flows established; pod and EndpointSlice watches delivering
  -10030    orchestrator  probe_log_stream_opened         following container probe of pod drainwatch-probe-5497cd7d46-nxwjm
  0         orchestrator  settle_complete                 held 10 tcp and 10 udp flows for 10s with no flow terminating
  0         orchestrator  trigger_issued                  trigger=evict target=drainwatch/drainwatch-probe-5497cd7d46-nxwjm
  17        orchestrator  trigger_api_returned            api call returned success
  20        k8s           pod_deletion_timestamp_set      drainwatch-probe-5497cd7d46-nxwjm deletionGracePeriodSeconds=30
  31        k8s           endpointslice_ready_false       Pod/drainwatch-probe-5497cd7d46-nxwjm in drainwatch-probe-7mnm9 (terminating=true) serving=true
  31        k8s           pod_observed                    drainwatch-probe-5497cd7d46-4szrs phase=Pending
  59 ~      probe         drain_started                   established_flows=10 drain_max_seconds=25
  59 ~      probe         readyz_now_503                  /readyz now returns 503
  59 ~      probe         sigterm_received                signal=terminated
  59 ~      probe         stopped_accepting               tcp listener closed; established flows continue
  372       k8s           pod_ready_false                 drainwatch-probe-5497cd7d46-nxwjm
  2420      client        flow_terminal                   udp-0001 severed: answered by probe instance drainwatch-probe-5497cd7d46-4szrs, was drainwatch-probe-5497cd7d46-nxwjm
  2420      client        flow_terminal                   udp-0002 severed: answered by probe instance drainwatch-probe-5497cd7d46-4szrs, was drainwatch-probe-5497cd7d46-nxwjm
  2420      client        flow_terminal                   udp-0003 severed: answered by probe instance drainwatch-probe-5497cd7d46-4szrs, was drainwatch-probe-5497cd7d46-nxwjm
  2420      client        flow_terminal                   udp-0004 severed: answered by probe instance drainwatch-probe-5497cd7d46-4szrs, was drainwatch-probe-5497cd7d46-nxwjm
  2420      client        flow_terminal                   udp-0010 severed: answered by probe instance drainwatch-probe-5497cd7d46-4szrs, was drainwatch-probe-5497cd7d46-nxwjm
  2421      client        flow_terminal                   udp-0005 severed: answered by probe instance drainwatch-probe-5497cd7d46-4szrs, was drainwatch-probe-5497cd7d46-nxwjm
  2421      client        flow_terminal                   udp-0006 severed: answered by probe instance drainwatch-probe-5497cd7d46-4szrs, was drainwatch-probe-5497cd7d46-nxwjm
  2421      client        flow_terminal                   udp-0007 severed: answered by probe instance drainwatch-probe-5497cd7d46-4szrs, was drainwatch-probe-5497cd7d46-nxwjm
  2421      client        flow_terminal                   udp-0008 severed: answered by probe instance drainwatch-probe-5497cd7d46-4szrs, was drainwatch-probe-5497cd7d46-nxwjm
  2421      client        flow_terminal                   udp-0009 severed: answered by probe instance drainwatch-probe-5497cd7d46-4szrs, was drainwatch-probe-5497cd7d46-nxwjm
  25060 ~   probe         drain_deadline_reached          drain window of 25s expired with 10 flows still open; closing them gracefully
  25061     client        flow_terminal                   tcp-0002 drained-clean-close: fin after drain announcement
  25061 ~   probe         tcp_flow_closed                 srv-tcp-0002 closed gracefully: drain-deadline
  25062     client        flow_terminal                   tcp-0003 drained-clean-close: fin after drain announcement
  25062     client        flow_terminal                   tcp-0004 drained-clean-close: fin after drain announcement
  25062 ~   probe         tcp_flow_closed                 srv-tcp-0003 closed gracefully: drain-deadline
  25063     client        flow_terminal                   tcp-0005 drained-clean-close: fin after drain announcement
  25063 ~   probe         tcp_flow_closed                 srv-tcp-0004 closed gracefully: drain-deadline
  25063 ~   probe         tcp_flow_closed                 srv-tcp-0005 closed gracefully: drain-deadline
  25064     client        flow_terminal                   tcp-0001 drained-clean-close: fin after drain announcement
  25064     client        flow_terminal                   tcp-0006 drained-clean-close: fin after drain announcement
  25064 ~   probe         tcp_flow_closed                 srv-tcp-0006 closed gracefully: drain-deadline
  25064 ~   probe         tcp_flow_closed                 srv-tcp-0001 closed gracefully: drain-deadline
  25065     client        flow_terminal                   tcp-0007 drained-clean-close: fin after drain announcement
  25065     client        flow_terminal                   tcp-0008 drained-clean-close: fin after drain announcement
  25065     client        flow_terminal                   tcp-0009 drained-clean-close: fin after drain announcement
  25065     client        flow_terminal                   tcp-0010 drained-clean-close: fin after drain announcement
  25065 ~   probe         exiting                         exit(0) after drain
  25065 ~   probe         tcp_flow_closed                 srv-tcp-0007 closed gracefully: drain-deadline
  25065 ~   probe         tcp_flow_closed                 srv-tcp-0008 closed gracefully: drain-deadline
  25065 ~   probe         tcp_flow_closed                 srv-tcp-0009 closed gracefully: drain-deadline
  25065 ~   probe         tcp_flow_closed                 srv-tcp-0010 closed gracefully: drain-deadline
  25124     orchestrator  all_flows_terminal              all 20 flows reached a terminal event; continuing to watch for 5s to catch trailing cluster events
  25773     k8s           container_terminated            probe exitCode=0 reason=Completed signal=0 finishedAt=2026-09-01T01:07:10Z
  25780     k8s           endpointslice_endpoint_removed  Pod/drainwatch-probe-5497cd7d46-nxwjm removed from drainwatch-probe-7mnm9
  26557     k8s           pod_object_deleted              drainwatch-probe-5497cd7d46-nxwjm removed from the API
  30213     orchestrator  observation_window_closed       window=60s; flows still alive at this instant are recorded as survived-observation-window
  30213     orchestrator  probe_log_stream_ended          collected 755 probe events
  (~ marks a cross-host approximate timestamp; see clock_note)

FLOWS
  ID        PROTO  OUTCOME              T_TERMINAL  LAST_SEQ  DETAIL
  tcp-0001  tcp    drained-clean-close  25064 ms    70        fin after drain announcement
  tcp-0002  tcp    drained-clean-close  25061 ms    70        fin after drain announcement
  tcp-0003  tcp    drained-clean-close  25062 ms    70        fin after drain announcement
  tcp-0004  tcp    drained-clean-close  25062 ms    70        fin after drain announcement
  tcp-0005  tcp    drained-clean-close  25063 ms    70        fin after drain announcement
  tcp-0006  tcp    drained-clean-close  25064 ms    70        fin after drain announcement
  tcp-0007  tcp    drained-clean-close  25065 ms    70        fin after drain announcement
  tcp-0008  tcp    drained-clean-close  25065 ms    70        fin after drain announcement
  tcp-0009  tcp    drained-clean-close  25065 ms    70        fin after drain announcement
  tcp-0010  tcp    drained-clean-close  25065 ms    70        fin after drain announcement
  udp-0001  udp    severed              2420 ms     24        answered by probe instance drainwatch-probe-5497cd7d46-4szrs, was drainwatch-probe-5497cd7d46-nxwjm
  udp-0002  udp    severed              2420 ms     24        answered by probe instance drainwatch-probe-5497cd7d46-4szrs, was drainwatch-probe-5497cd7d46-nxwjm
  udp-0003  udp    severed              2420 ms     24        answered by probe instance drainwatch-probe-5497cd7d46-4szrs, was drainwatch-probe-5497cd7d46-nxwjm
  udp-0004  udp    severed              2420 ms     24        answered by probe instance drainwatch-probe-5497cd7d46-4szrs, was drainwatch-probe-5497cd7d46-nxwjm
  udp-0005  udp    severed              2421 ms     24        answered by probe instance drainwatch-probe-5497cd7d46-4szrs, was drainwatch-probe-5497cd7d46-nxwjm
  udp-0006  udp    severed              2421 ms     24        answered by probe instance drainwatch-probe-5497cd7d46-4szrs, was drainwatch-probe-5497cd7d46-nxwjm
  udp-0007  udp    severed              2421 ms     24        answered by probe instance drainwatch-probe-5497cd7d46-4szrs, was drainwatch-probe-5497cd7d46-nxwjm
  udp-0008  udp    severed              2421 ms     24        answered by probe instance drainwatch-probe-5497cd7d46-4szrs, was drainwatch-probe-5497cd7d46-nxwjm
  udp-0009  udp    severed              2421 ms     24        answered by probe instance drainwatch-probe-5497cd7d46-4szrs, was drainwatch-probe-5497cd7d46-nxwjm
  udp-0010  udp    severed              2420 ms     24        answered by probe instance drainwatch-probe-5497cd7d46-4szrs, was drainwatch-probe-5497cd7d46-nxwjm

SUMMARY
  PROTO  TOTAL  DRAINED  SEVERED  READ_TIMEOUT  SURVIVED_WINDOW  NOT_MEASURED
  tcp    10     10       0        0             0                0
  udp    10     0        10       0             0                0

  trigger -> sigterm               59 ms
  sigterm -> endpoint ready:false  -28 ms
  trigger -> endpoint removed      25780 ms
  trigger -> container terminated  25773 ms
  sigterm -> last flow terminal    25006 ms
  NOTE: sigterm_to_ready_false_ms is negative (-28 ms): the SIGTERM timestamp comes from the probe's clock and the ready:false timestamp from the orchestrator's, so the true interval is smaller than the unmeasured skew between them. Read it as 'within clock skew of simultaneous', not as ready:false preceding SIGTERM.

CLOCKS
  t_ms is milliseconds relative to trigger_issued. Events from sources
  'orchestrator' and 'client' are taken from a single monotonic clock in the
  orchestrator process and are exact relative to the trigger. Events from
  source 'k8s' are stamped with the orchestrator's monotonic clock at the
  moment the watch event was received, so they include API-server write
  latency and watch dispatch latency and are an upper bound on when the
  change actually occurred. Events from source 'probe' are marked
  approximate: their t_ms is obtained by differencing wall clocks on two
  different hosts with no synchronisation guarantee, and should be read as
  accurate to tens of milliseconds, not sub-millisecond.
  Probe timestamps were mapped onto the orchestrator timebase as (probe wall
  clock - orchestrator wall clock at trigger_issued). Deltas between two
  probe events are exact because they share the probe's monotonic clock;
  deltas between a probe event and any other source carry the unmeasured
  host-to-host clock offset.

report written to /out/arm-D/trial-001/report.json

=== trial-002 (2 of 5): behavior=drain trigger=evict grace=30s ===
preflight [ ok ] probe-pod-ready                       750ms
preflight [ ok ] k8s-watches-delivering                  0ms
preflight [ ok ] service-endpoint-stable              2000ms
preflight [ ok ] flows-dialed                            5ms
preflight [ ok ] tcp-flows-established                 500ms
preflight [ ok ] udp-flows-replying                     52ms
trigger: evict drainwatch/drainwatch-probe-5497cd7d46-z9jn5 at 2026-09-01T01:07:30.26843308Z
all flows terminal at t+25122ms

drainwatch 0.1.0-10-g173d102 (173d102)  trial trial-002
==============================================================================
ENVIRONMENT
  kubernetes                  v1.34.0
  nodes                       2
    drainwatch-control-plane  containerd://2.1.3 / v1.34.0 / Debian GNU/Linux 12 (bookworm)
    drainwatch-worker         containerd://2.1.3 / v1.34.0 / Debian GNU/Linux 12 (bookworm)
  kube-proxy mode             iptables
  cni                         kindnet (identified by DaemonSet name; best effort)
  host                        linux/amd64
  started                     2026-09-01T01:06:30.952376531Z

CONFIG
  flows             10 tcp, 10 udp
  drain behavior    drain (DRAIN_MAX_SECONDS=25)
  trigger           evict
  grace period      30 s
  settle / observe  10 s / 60 s
  target            127.0.0.1 tcp:30071 udp:30072 (ns drainwatch)

TIMELINE (t_ms relative to trigger_issued)
  T_MS      SOURCE        EVENT                           DETAIL
  -13432    orchestrator  workload_applied                deployment=drainwatch/drainwatch-probe image=drainwatch-probe:0.1.0 grace=30s
  -13429    k8s           endpointslice_observed          drainwatch-probe-7mnm9 endpoints=0
  -13416    k8s           pod_observed                    drainwatch-probe-5497cd7d46-z9jn5 phase=Pending
  -12715 ~  probe         probe_started                   probe_version=0.1.0-10-g173d102 probe_commit=173d102 instance=drainwatch-probe-5497cd7d46-z9jn5 tcp=7001 udp=7002 readyz=7003 drain_max_seconds=25 exit_now_force_rst=true
  -12714 ~  probe         listening                       tcp=:7001 udp=:7002 readyz=:7003
  -10020    orchestrator  preflight_passed                10 tcp flows and 10 udp flows established; pod and EndpointSlice watches delivering
  -10019    orchestrator  probe_log_stream_opened         following container probe of pod drainwatch-probe-5497cd7d46-z9jn5
  0         orchestrator  settle_complete                 held 10 tcp and 10 udp flows for 10s with no flow terminating
  0         orchestrator  trigger_issued                  trigger=evict target=drainwatch/drainwatch-probe-5497cd7d46-z9jn5
  18        orchestrator  trigger_api_returned            api call returned success
  19        k8s           pod_deletion_timestamp_set      drainwatch-probe-5497cd7d46-z9jn5 deletionGracePeriodSeconds=30
  26        k8s           endpointslice_ready_false       Pod/drainwatch-probe-5497cd7d46-z9jn5 in drainwatch-probe-7mnm9 (terminating=true) serving=true
  29        k8s           pod_observed                    drainwatch-probe-5497cd7d46-52ghl phase=Pending
  32 ~      probe         drain_started                   established_flows=10 drain_max_seconds=25
  32 ~      probe         readyz_now_503                  /readyz now returns 503
  32 ~      probe         sigterm_received                signal=terminated
  32 ~      probe         stopped_accepting               tcp listener closed; established flows continue
  357       k8s           pod_ready_false                 drainwatch-probe-5497cd7d46-z9jn5
  2428      client        flow_terminal                   udp-0001 severed: answered by probe instance drainwatch-probe-5497cd7d46-52ghl, was drainwatch-probe-5497cd7d46-z9jn5
  2428      client        flow_terminal                   udp-0002 severed: answered by probe instance drainwatch-probe-5497cd7d46-52ghl, was drainwatch-probe-5497cd7d46-z9jn5
  2428      client        flow_terminal                   udp-0003 severed: answered by probe instance drainwatch-probe-5497cd7d46-52ghl, was drainwatch-probe-5497cd7d46-z9jn5
  2428      client        flow_terminal                   udp-0009 severed: answered by probe instance drainwatch-probe-5497cd7d46-52ghl, was drainwatch-probe-5497cd7d46-z9jn5
  2428      client        flow_terminal                   udp-0010 severed: answered by probe instance drainwatch-probe-5497cd7d46-52ghl, was drainwatch-probe-5497cd7d46-z9jn5
  2429      client        flow_terminal                   udp-0004 severed: answered by probe instance drainwatch-probe-5497cd7d46-52ghl, was drainwatch-probe-5497cd7d46-z9jn5
  2429      client        flow_terminal                   udp-0005 severed: answered by probe instance drainwatch-probe-5497cd7d46-52ghl, was drainwatch-probe-5497cd7d46-z9jn5
  2429      client        flow_terminal                   udp-0006 severed: answered by probe instance drainwatch-probe-5497cd7d46-52ghl, was drainwatch-probe-5497cd7d46-z9jn5
  2429      client        flow_terminal                   udp-0007 severed: answered by probe instance drainwatch-probe-5497cd7d46-52ghl, was drainwatch-probe-5497cd7d46-z9jn5
  2429      client        flow_terminal                   udp-0008 severed: answered by probe instance drainwatch-probe-5497cd7d46-52ghl, was drainwatch-probe-5497cd7d46-z9jn5
  25034 ~   probe         drain_deadline_reached          drain window of 25s expired with 10 flows still open; closing them gracefully
  25035     client        flow_terminal                   tcp-0003 drained-clean-close: fin after drain announcement
  25035     client        flow_terminal                   tcp-0004 drained-clean-close: fin after drain announcement
  25035     client        flow_terminal                   tcp-0005 drained-clean-close: fin after drain announcement
  25035     client        flow_terminal                   tcp-0006 drained-clean-close: fin after drain announcement
  25035 ~   probe         tcp_flow_closed                 srv-tcp-0003 closed gracefully: drain-deadline
  25035 ~   probe         tcp_flow_closed                 srv-tcp-0004 closed gracefully: drain-deadline
  25035 ~   probe         tcp_flow_closed                 srv-tcp-0005 closed gracefully: drain-deadline
  25036     client        flow_terminal                   tcp-0001 drained-clean-close: fin after drain announcement
  25036     client        flow_terminal                   tcp-0007 drained-clean-close: fin after drain announcement
  25036     client        flow_terminal                   tcp-0010 drained-clean-close: fin after drain announcement
  25036 ~   probe         tcp_flow_closed                 srv-tcp-0006 fin received from client
  25036 ~   probe         tcp_flow_closed                 srv-tcp-0006 closed gracefully: drain-deadline
  25036 ~   probe         tcp_flow_closed                 srv-tcp-0007 closed gracefully: drain-deadline
  25036 ~   probe         tcp_flow_closed                 srv-tcp-0010 closed gracefully: drain-deadline
  25036 ~   probe         tcp_flow_closed                 srv-tcp-0001 closed gracefully: drain-deadline
  25037     client        flow_terminal                   tcp-0002 drained-clean-close: fin after drain announcement
  25037     client        flow_terminal                   tcp-0008 drained-clean-close: fin after drain announcement
  25037     client        flow_terminal                   tcp-0009 drained-clean-close: fin after drain announcement
  25037 ~   probe         exiting                         exit(0) after drain
  25037 ~   probe         tcp_flow_closed                 srv-tcp-0002 closed gracefully: drain-deadline
  25037 ~   probe         tcp_flow_closed                 srv-tcp-0008 closed gracefully: drain-deadline
  25037 ~   probe         tcp_flow_closed                 srv-tcp-0009 closed gracefully: drain-deadline
  25122     orchestrator  all_flows_terminal              all 20 flows reached a terminal event; continuing to watch for 5s to catch trailing cluster events
  25239     k8s           container_terminated            probe exitCode=0 reason=Completed signal=0 finishedAt=2026-09-01T01:07:55Z
  25243     k8s           endpointslice_endpoint_removed  Pod/drainwatch-probe-5497cd7d46-z9jn5 removed from drainwatch-probe-7mnm9
  25498     k8s           pod_object_deleted              drainwatch-probe-5497cd7d46-z9jn5 removed from the API
  30189     orchestrator  observation_window_closed       window=60s; flows still alive at this instant are recorded as survived-observation-window
  30189     orchestrator  probe_log_stream_ended          collected 756 probe events
  (~ marks a cross-host approximate timestamp; see clock_note)

FLOWS
  ID        PROTO  OUTCOME              T_TERMINAL  LAST_SEQ  DETAIL
  tcp-0001  tcp    drained-clean-close  25036 ms    70        fin after drain announcement
  tcp-0002  tcp    drained-clean-close  25037 ms    70        fin after drain announcement
  tcp-0003  tcp    drained-clean-close  25035 ms    70        fin after drain announcement
  tcp-0004  tcp    drained-clean-close  25035 ms    70        fin after drain announcement
  tcp-0005  tcp    drained-clean-close  25035 ms    70        fin after drain announcement
  tcp-0006  tcp    drained-clean-close  25035 ms    70        fin after drain announcement
  tcp-0007  tcp    drained-clean-close  25036 ms    70        fin after drain announcement
  tcp-0008  tcp    drained-clean-close  25037 ms    70        fin after drain announcement
  tcp-0009  tcp    drained-clean-close  25037 ms    70        fin after drain announcement
  tcp-0010  tcp    drained-clean-close  25036 ms    70        fin after drain announcement
  udp-0001  udp    severed              2428 ms     24        answered by probe instance drainwatch-probe-5497cd7d46-52ghl, was drainwatch-probe-5497cd7d46-z9jn5
  udp-0002  udp    severed              2428 ms     24        answered by probe instance drainwatch-probe-5497cd7d46-52ghl, was drainwatch-probe-5497cd7d46-z9jn5
  udp-0003  udp    severed              2428 ms     24        answered by probe instance drainwatch-probe-5497cd7d46-52ghl, was drainwatch-probe-5497cd7d46-z9jn5
  udp-0004  udp    severed              2429 ms     24        answered by probe instance drainwatch-probe-5497cd7d46-52ghl, was drainwatch-probe-5497cd7d46-z9jn5
  udp-0005  udp    severed              2429 ms     24        answered by probe instance drainwatch-probe-5497cd7d46-52ghl, was drainwatch-probe-5497cd7d46-z9jn5
  udp-0006  udp    severed              2429 ms     24        answered by probe instance drainwatch-probe-5497cd7d46-52ghl, was drainwatch-probe-5497cd7d46-z9jn5
  udp-0007  udp    severed              2429 ms     24        answered by probe instance drainwatch-probe-5497cd7d46-52ghl, was drainwatch-probe-5497cd7d46-z9jn5
  udp-0008  udp    severed              2429 ms     24        answered by probe instance drainwatch-probe-5497cd7d46-52ghl, was drainwatch-probe-5497cd7d46-z9jn5
  udp-0009  udp    severed              2428 ms     24        answered by probe instance drainwatch-probe-5497cd7d46-52ghl, was drainwatch-probe-5497cd7d46-z9jn5
  udp-0010  udp    severed              2428 ms     24        answered by probe instance drainwatch-probe-5497cd7d46-52ghl, was drainwatch-probe-5497cd7d46-z9jn5

SUMMARY
  PROTO  TOTAL  DRAINED  SEVERED  READ_TIMEOUT  SURVIVED_WINDOW  NOT_MEASURED
  tcp    10     10       0        0             0                0
  udp    10     0        10       0             0                0

  trigger -> sigterm               32 ms
  sigterm -> endpoint ready:false  -6 ms
  trigger -> endpoint removed      25243 ms
  trigger -> container terminated  25239 ms
  sigterm -> last flow terminal    25005 ms
  NOTE: sigterm_to_ready_false_ms is negative (-6 ms): the SIGTERM timestamp comes from the probe's clock and the ready:false timestamp from the orchestrator's, so the true interval is smaller than the unmeasured skew between them. Read it as 'within clock skew of simultaneous', not as ready:false preceding SIGTERM.

CLOCKS
  t_ms is milliseconds relative to trigger_issued. Events from sources
  'orchestrator' and 'client' are taken from a single monotonic clock in the
  orchestrator process and are exact relative to the trigger. Events from
  source 'k8s' are stamped with the orchestrator's monotonic clock at the
  moment the watch event was received, so they include API-server write
  latency and watch dispatch latency and are an upper bound on when the
  change actually occurred. Events from source 'probe' are marked
  approximate: their t_ms is obtained by differencing wall clocks on two
  different hosts with no synchronisation guarantee, and should be read as
  accurate to tens of milliseconds, not sub-millisecond.
  Probe timestamps were mapped onto the orchestrator timebase as (probe wall
  clock - orchestrator wall clock at trigger_issued). Deltas between two
  probe events are exact because they share the probe's monotonic clock;
  deltas between a probe event and any other source carry the unmeasured
  host-to-host clock offset.

report written to /out/arm-D/trial-002/report.json

=== trial-003 (3 of 5): behavior=drain trigger=evict grace=30s ===
preflight [ ok ] probe-pod-ready                      1251ms
preflight [ ok ] k8s-watches-delivering                  0ms
preflight [ ok ] service-endpoint-stable              2000ms
preflight [ ok ] flows-dialed                            5ms
preflight [ ok ] tcp-flows-established                 550ms
preflight [ ok ] udp-flows-replying                      0ms
trigger: evict drainwatch/drainwatch-probe-5497cd7d46-d25t8 at 2026-09-01T01:08:15.46444686Z
all flows terminal at t+25129ms

drainwatch 0.1.0-10-g173d102 (173d102)  trial trial-003
==============================================================================
ENVIRONMENT
  kubernetes                  v1.34.0
  nodes                       2
    drainwatch-control-plane  containerd://2.1.3 / v1.34.0 / Debian GNU/Linux 12 (bookworm)
    drainwatch-worker         containerd://2.1.3 / v1.34.0 / Debian GNU/Linux 12 (bookworm)
  kube-proxy mode             iptables
  cni                         kindnet (identified by DaemonSet name; best effort)
  host                        linux/amd64
  started                     2026-09-01T01:06:30.952376531Z

CONFIG
  flows             10 tcp, 10 udp
  drain behavior    drain (DRAIN_MAX_SECONDS=25)
  trigger           evict
  grace period      30 s
  settle / observe  10 s / 60 s
  target            127.0.0.1 tcp:30071 udp:30072 (ns drainwatch)

TIMELINE (t_ms relative to trigger_issued)
  T_MS      SOURCE        EVENT                           DETAIL
  -13943    orchestrator  workload_applied                deployment=drainwatch/drainwatch-probe image=drainwatch-probe:0.1.0 grace=30s
  -13939    k8s           endpointslice_observed          drainwatch-probe-7mnm9 endpoints=0
  -13929    k8s           pod_observed                    drainwatch-probe-5497cd7d46-d25t8 phase=Pending
  -13232 ~  probe         listening                       tcp=:7001 udp=:7002 readyz=:7003
  -13232 ~  probe         probe_started                   probe_version=0.1.0-10-g173d102 probe_commit=173d102 instance=drainwatch-probe-5497cd7d46-d25t8 tcp=7001 udp=7002 readyz=7003 drain_max_seconds=25 exit_now_force_rst=true
  -10031    orchestrator  preflight_passed                10 tcp flows and 10 udp flows established; pod and EndpointSlice watches delivering
  -10031    orchestrator  probe_log_stream_opened         following container probe of pod drainwatch-probe-5497cd7d46-d25t8
  0         orchestrator  settle_complete                 held 10 tcp and 10 udp flows for 10s with no flow terminating
  0         orchestrator  trigger_issued                  trigger=evict target=drainwatch/drainwatch-probe-5497cd7d46-d25t8
  14        orchestrator  trigger_api_returned            api call returned success
  15        k8s           pod_deletion_timestamp_set      drainwatch-probe-5497cd7d46-d25t8 deletionGracePeriodSeconds=30
  25        k8s           endpointslice_ready_false       Pod/drainwatch-probe-5497cd7d46-d25t8 in drainwatch-probe-7mnm9 (terminating=true) serving=true
  25        k8s           pod_observed                    drainwatch-probe-5497cd7d46-hlg52 phase=Pending
  29 ~      probe         readyz_now_503                  /readyz now returns 503
  29 ~      probe         sigterm_received                signal=terminated
  30 ~      probe         drain_started                   established_flows=10 drain_max_seconds=25
  30 ~      probe         stopped_accepting               tcp listener closed; established flows continue
  339       k8s           pod_ready_false                 drainwatch-probe-5497cd7d46-d25t8
  2419      client        flow_terminal                   udp-0003 severed: answered by probe instance drainwatch-probe-5497cd7d46-hlg52, was drainwatch-probe-5497cd7d46-d25t8
  2419      client        flow_terminal                   udp-0006 severed: answered by probe instance drainwatch-probe-5497cd7d46-hlg52, was drainwatch-probe-5497cd7d46-d25t8
  2419      client        flow_terminal                   udp-0008 severed: answered by probe instance drainwatch-probe-5497cd7d46-hlg52, was drainwatch-probe-5497cd7d46-d25t8
  2419      client        flow_terminal                   udp-0009 severed: answered by probe instance drainwatch-probe-5497cd7d46-hlg52, was drainwatch-probe-5497cd7d46-d25t8
  2420      client        flow_terminal                   udp-0001 severed: answered by probe instance drainwatch-probe-5497cd7d46-hlg52, was drainwatch-probe-5497cd7d46-d25t8
  2420      client        flow_terminal                   udp-0002 severed: answered by probe instance drainwatch-probe-5497cd7d46-hlg52, was drainwatch-probe-5497cd7d46-d25t8
  2420      client        flow_terminal                   udp-0004 severed: answered by probe instance drainwatch-probe-5497cd7d46-hlg52, was drainwatch-probe-5497cd7d46-d25t8
  2420      client        flow_terminal                   udp-0005 severed: answered by probe instance drainwatch-probe-5497cd7d46-hlg52, was drainwatch-probe-5497cd7d46-d25t8
  2420      client        flow_terminal                   udp-0007 severed: answered by probe instance drainwatch-probe-5497cd7d46-hlg52, was drainwatch-probe-5497cd7d46-d25t8
  2420      client        flow_terminal                   udp-0010 severed: answered by probe instance drainwatch-probe-5497cd7d46-hlg52, was drainwatch-probe-5497cd7d46-d25t8
  25030 ~   probe         drain_deadline_reached          drain window of 25s expired with 10 flows still open; closing them gracefully
  25030 ~   probe         tcp_flow_closed                 srv-tcp-0008 closed gracefully: drain-deadline
  25031     client        flow_terminal                   tcp-0008 drained-clean-close: fin after drain announcement
  25031 ~   probe         tcp_flow_closed                 srv-tcp-0009 closed gracefully: drain-deadline
  25031 ~   probe         tcp_flow_closed                 srv-tcp-0004 closed gracefully: drain-deadline
  25032     client        flow_terminal                   tcp-0004 drained-clean-close: fin after drain announcement
  25032     client        flow_terminal                   tcp-0009 drained-clean-close: fin after drain announcement
  25032 ~   probe         tcp_flow_closed                 srv-tcp-0005 closed gracefully: drain-deadline
  25032 ~   probe         tcp_flow_closed                 srv-tcp-0006 closed gracefully: drain-deadline
  25032 ~   probe         tcp_flow_closed                 srv-tcp-0007 closed gracefully: drain-deadline
  25032 ~   probe         tcp_flow_closed                 srv-tcp-0010 closed gracefully: drain-deadline
  25032 ~   probe         tcp_flow_closed                 srv-tcp-0001 closed gracefully: drain-deadline
  25033     client        flow_terminal                   tcp-0005 drained-clean-close: fin after drain announcement
  25033     client        flow_terminal                   tcp-0006 drained-clean-close: fin after drain announcement
  25033     client        flow_terminal                   tcp-0007 drained-clean-close: fin after drain announcement
  25033     client        flow_terminal                   tcp-0010 drained-clean-close: fin after drain announcement
  25033 ~   probe         exiting                         exit(0) after drain
  25033 ~   probe         tcp_flow_closed                 srv-tcp-0002 closed gracefully: drain-deadline
  25033 ~   probe         tcp_flow_closed                 srv-tcp-0003 closed gracefully: drain-deadline
  25034     client        flow_terminal                   tcp-0001 drained-clean-close: fin after drain announcement
  25034     client        flow_terminal                   tcp-0002 drained-clean-close: fin after drain announcement
  25034     client        flow_terminal                   tcp-0003 drained-clean-close: fin after drain announcement
  25129     orchestrator  all_flows_terminal              all 20 flows reached a terminal event; continuing to watch for 5s to catch trailing cluster events
  25254     k8s           container_terminated            probe exitCode=0 reason=Completed signal=0 finishedAt=2026-09-01T01:08:40Z
  25260     k8s           endpointslice_endpoint_removed  Pod/drainwatch-probe-5497cd7d46-d25t8 removed from drainwatch-probe-7mnm9
  25507     k8s           pod_object_deleted              drainwatch-probe-5497cd7d46-d25t8 removed from the API
  30191     orchestrator  observation_window_closed       window=60s; flows still alive at this instant are recorded as survived-observation-window
  30191     orchestrator  probe_log_stream_ended          collected 755 probe events
  (~ marks a cross-host approximate timestamp; see clock_note)

FLOWS
  ID        PROTO  OUTCOME              T_TERMINAL  LAST_SEQ  DETAIL
  tcp-0001  tcp    drained-clean-close  25034 ms    70        fin after drain announcement
  tcp-0002  tcp    drained-clean-close  25034 ms    70        fin after drain announcement
  tcp-0003  tcp    drained-clean-close  25034 ms    70        fin after drain announcement
  tcp-0004  tcp    drained-clean-close  25032 ms    70        fin after drain announcement
  tcp-0005  tcp    drained-clean-close  25033 ms    70        fin after drain announcement
  tcp-0006  tcp    drained-clean-close  25033 ms    70        fin after drain announcement
  tcp-0007  tcp    drained-clean-close  25033 ms    70        fin after drain announcement
  tcp-0008  tcp    drained-clean-close  25031 ms    70        fin after drain announcement
  tcp-0009  tcp    drained-clean-close  25032 ms    70        fin after drain announcement
  tcp-0010  tcp    drained-clean-close  25033 ms    70        fin after drain announcement
  udp-0001  udp    severed              2420 ms     24        answered by probe instance drainwatch-probe-5497cd7d46-hlg52, was drainwatch-probe-5497cd7d46-d25t8
  udp-0002  udp    severed              2420 ms     24        answered by probe instance drainwatch-probe-5497cd7d46-hlg52, was drainwatch-probe-5497cd7d46-d25t8
  udp-0003  udp    severed              2419 ms     24        answered by probe instance drainwatch-probe-5497cd7d46-hlg52, was drainwatch-probe-5497cd7d46-d25t8
  udp-0004  udp    severed              2420 ms     24        answered by probe instance drainwatch-probe-5497cd7d46-hlg52, was drainwatch-probe-5497cd7d46-d25t8
  udp-0005  udp    severed              2420 ms     24        answered by probe instance drainwatch-probe-5497cd7d46-hlg52, was drainwatch-probe-5497cd7d46-d25t8
  udp-0006  udp    severed              2419 ms     24        answered by probe instance drainwatch-probe-5497cd7d46-hlg52, was drainwatch-probe-5497cd7d46-d25t8
  udp-0007  udp    severed              2420 ms     24        answered by probe instance drainwatch-probe-5497cd7d46-hlg52, was drainwatch-probe-5497cd7d46-d25t8
  udp-0008  udp    severed              2419 ms     24        answered by probe instance drainwatch-probe-5497cd7d46-hlg52, was drainwatch-probe-5497cd7d46-d25t8
  udp-0009  udp    severed              2419 ms     24        answered by probe instance drainwatch-probe-5497cd7d46-hlg52, was drainwatch-probe-5497cd7d46-d25t8
  udp-0010  udp    severed              2420 ms     24        answered by probe instance drainwatch-probe-5497cd7d46-hlg52, was drainwatch-probe-5497cd7d46-d25t8

SUMMARY
  PROTO  TOTAL  DRAINED  SEVERED  READ_TIMEOUT  SURVIVED_WINDOW  NOT_MEASURED
  tcp    10     10       0        0             0                0
  udp    10     0        10       0             0                0

  trigger -> sigterm               29 ms
  sigterm -> endpoint ready:false  -4 ms
  trigger -> endpoint removed      25260 ms
  trigger -> container terminated  25254 ms
  sigterm -> last flow terminal    25005 ms
  NOTE: sigterm_to_ready_false_ms is negative (-4 ms): the SIGTERM timestamp comes from the probe's clock and the ready:false timestamp from the orchestrator's, so the true interval is smaller than the unmeasured skew between them. Read it as 'within clock skew of simultaneous', not as ready:false preceding SIGTERM.

CLOCKS
  t_ms is milliseconds relative to trigger_issued. Events from sources
  'orchestrator' and 'client' are taken from a single monotonic clock in the
  orchestrator process and are exact relative to the trigger. Events from
  source 'k8s' are stamped with the orchestrator's monotonic clock at the
  moment the watch event was received, so they include API-server write
  latency and watch dispatch latency and are an upper bound on when the
  change actually occurred. Events from source 'probe' are marked
  approximate: their t_ms is obtained by differencing wall clocks on two
  different hosts with no synchronisation guarantee, and should be read as
  accurate to tens of milliseconds, not sub-millisecond.
  Probe timestamps were mapped onto the orchestrator timebase as (probe wall
  clock - orchestrator wall clock at trigger_issued). Deltas between two
  probe events are exact because they share the probe's monotonic clock;
  deltas between a probe event and any other source carry the unmeasured
  host-to-host clock offset.

report written to /out/arm-D/trial-003/report.json

=== trial-004 (4 of 5): behavior=drain trigger=evict grace=30s ===
preflight [ ok ] probe-pod-ready                      1250ms
preflight [ ok ] k8s-watches-delivering                  0ms
preflight [ ok ] service-endpoint-stable              2000ms
preflight [ ok ] flows-dialed                            7ms
preflight [ ok ] tcp-flows-established                 500ms
preflight [ ok ] udp-flows-replying                     50ms
trigger: evict drainwatch/drainwatch-probe-5497cd7d46-x9hsk at 2026-09-01T01:09:00.652487114Z
all flows terminal at t+25119ms

drainwatch 0.1.0-10-g173d102 (173d102)  trial trial-004
==============================================================================
ENVIRONMENT
  kubernetes                  v1.34.0
  nodes                       2
    drainwatch-control-plane  containerd://2.1.3 / v1.34.0 / Debian GNU/Linux 12 (bookworm)
    drainwatch-worker         containerd://2.1.3 / v1.34.0 / Debian GNU/Linux 12 (bookworm)
  kube-proxy mode             iptables
  cni                         kindnet (identified by DaemonSet name; best effort)
  host                        linux/amd64
  started                     2026-09-01T01:06:30.952376531Z

CONFIG
  flows             10 tcp, 10 udp
  drain behavior    drain (DRAIN_MAX_SECONDS=25)
  trigger           evict
  grace period      30 s
  settle / observe  10 s / 60 s
  target            127.0.0.1 tcp:30071 udp:30072 (ns drainwatch)

TIMELINE (t_ms relative to trigger_issued)
  T_MS      SOURCE        EVENT                           DETAIL
  -13939    orchestrator  workload_applied                deployment=drainwatch/drainwatch-probe image=drainwatch-probe:0.1.0 grace=30s
  -13936    k8s           endpointslice_observed          drainwatch-probe-7mnm9 endpoints=0
  -13925    k8s           pod_observed                    drainwatch-probe-5497cd7d46-x9hsk phase=Pending
  -13250 ~  probe         listening                       tcp=:7001 udp=:7002 readyz=:7003
  -13250 ~  probe         probe_started                   probe_version=0.1.0-10-g173d102 probe_commit=173d102 instance=drainwatch-probe-5497cd7d46-x9hsk tcp=7001 udp=7002 readyz=7003 drain_max_seconds=25 exit_now_force_rst=true
  -10029    orchestrator  preflight_passed                10 tcp flows and 10 udp flows established; pod and EndpointSlice watches delivering
  -10029    orchestrator  probe_log_stream_opened         following container probe of pod drainwatch-probe-5497cd7d46-x9hsk
  0         orchestrator  settle_complete                 held 10 tcp and 10 udp flows for 10s with no flow terminating
  0         orchestrator  trigger_issued                  trigger=evict target=drainwatch/drainwatch-probe-5497cd7d46-x9hsk
  17        orchestrator  trigger_api_returned            api call returned success
  18        k8s           pod_deletion_timestamp_set      drainwatch-probe-5497cd7d46-x9hsk deletionGracePeriodSeconds=30
  23        k8s           endpointslice_ready_false       Pod/drainwatch-probe-5497cd7d46-x9hsk in drainwatch-probe-7mnm9 (terminating=true) serving=true
  31        k8s           pod_observed                    drainwatch-probe-5497cd7d46-8cqlt phase=Pending
  32 ~      probe         drain_started                   established_flows=10 drain_max_seconds=25
  32 ~      probe         readyz_now_503                  /readyz now returns 503
  32 ~      probe         sigterm_received                signal=terminated
  32 ~      probe         stopped_accepting               tcp listener closed; established flows continue
  354       k8s           pod_ready_false                 drainwatch-probe-5497cd7d46-x9hsk
  2420      client        flow_terminal                   udp-0003 severed: answered by probe instance drainwatch-probe-5497cd7d46-8cqlt, was drainwatch-probe-5497cd7d46-x9hsk
  2420      client        flow_terminal                   udp-0004 severed: answered by probe instance drainwatch-probe-5497cd7d46-8cqlt, was drainwatch-probe-5497cd7d46-x9hsk
  2421      client        flow_terminal                   udp-0001 severed: answered by probe instance drainwatch-probe-5497cd7d46-8cqlt, was drainwatch-probe-5497cd7d46-x9hsk
  2421      client        flow_terminal                   udp-0002 severed: answered by probe instance drainwatch-probe-5497cd7d46-8cqlt, was drainwatch-probe-5497cd7d46-x9hsk
  2421      client        flow_terminal                   udp-0005 severed: answered by probe instance drainwatch-probe-5497cd7d46-8cqlt, was drainwatch-probe-5497cd7d46-x9hsk
  2421      client        flow_terminal                   udp-0007 severed: answered by probe instance drainwatch-probe-5497cd7d46-8cqlt, was drainwatch-probe-5497cd7d46-x9hsk
  2421      client        flow_terminal                   udp-0008 severed: answered by probe instance drainwatch-probe-5497cd7d46-8cqlt, was drainwatch-probe-5497cd7d46-x9hsk
  2421      client        flow_terminal                   udp-0009 severed: answered by probe instance drainwatch-probe-5497cd7d46-8cqlt, was drainwatch-probe-5497cd7d46-x9hsk
  2421      client        flow_terminal                   udp-0010 severed: answered by probe instance drainwatch-probe-5497cd7d46-8cqlt, was drainwatch-probe-5497cd7d46-x9hsk
  2422      client        flow_terminal                   udp-0006 severed: answered by probe instance drainwatch-probe-5497cd7d46-8cqlt, was drainwatch-probe-5497cd7d46-x9hsk
  25033 ~   probe         drain_deadline_reached          drain window of 25s expired with 10 flows still open; closing them gracefully
  25034     client        flow_terminal                   tcp-0002 drained-clean-close: fin after drain announcement
  25034 ~   probe         tcp_flow_closed                 srv-tcp-0002 closed gracefully: drain-deadline
  25034 ~   probe         tcp_flow_closed                 srv-tcp-0003 closed gracefully: drain-deadline
  25035     client        flow_terminal                   tcp-0001 drained-clean-close: fin after drain announcement
  25035     client        flow_terminal                   tcp-0003 drained-clean-close: fin after drain announcement
  25035     client        flow_terminal                   tcp-0008 drained-clean-close: fin after drain announcement
  25035     client        flow_terminal                   tcp-0010 drained-clean-close: fin after drain announcement
  25035 ~   probe         tcp_flow_closed                 srv-tcp-0008 closed gracefully: drain-deadline
  25035 ~   probe         tcp_flow_closed                 srv-tcp-0010 closed gracefully: drain-deadline
  25035 ~   probe         tcp_flow_closed                 srv-tcp-0001 closed gracefully: drain-deadline
  25036     client        flow_terminal                   tcp-0004 drained-clean-close: fin after drain announcement
  25036     client        flow_terminal                   tcp-0005 drained-clean-close: fin after drain announcement
  25036     client        flow_terminal                   tcp-0006 drained-clean-close: fin after drain announcement
  25036 ~   probe         tcp_flow_closed                 srv-tcp-0004 closed gracefully: drain-deadline
  25036 ~   probe         tcp_flow_closed                 srv-tcp-0005 closed gracefully: drain-deadline
  25036 ~   probe         tcp_flow_closed                 srv-tcp-0006 fin received from client
  25036 ~   probe         tcp_flow_closed                 srv-tcp-0006 closed gracefully: drain-deadline
  25037     client        flow_terminal                   tcp-0007 drained-clean-close: fin after drain announcement
  25037     client        flow_terminal                   tcp-0009 drained-clean-close: fin after drain announcement
  25037 ~   probe         exiting                         exit(0) after drain
  25037 ~   probe         tcp_flow_closed                 srv-tcp-0007 closed gracefully: drain-deadline
  25037 ~   probe         tcp_flow_closed                 srv-tcp-0009 closed gracefully: drain-deadline
  25119     orchestrator  all_flows_terminal              all 20 flows reached a terminal event; continuing to watch for 5s to catch trailing cluster events
  25216     k8s           container_terminated            probe exitCode=0 reason=Completed signal=0 finishedAt=2026-09-01T01:09:25Z
  25223     k8s           endpointslice_endpoint_removed  Pod/drainwatch-probe-5497cd7d46-x9hsk removed from drainwatch-probe-7mnm9
  25503     k8s           pod_object_deleted              drainwatch-probe-5497cd7d46-x9hsk removed from the API
  30188     orchestrator  observation_window_closed       window=60s; flows still alive at this instant are recorded as survived-observation-window
  30188     orchestrator  probe_log_stream_ended          collected 756 probe events
  (~ marks a cross-host approximate timestamp; see clock_note)

FLOWS
  ID        PROTO  OUTCOME              T_TERMINAL  LAST_SEQ  DETAIL
  tcp-0001  tcp    drained-clean-close  25035 ms    70        fin after drain announcement
  tcp-0002  tcp    drained-clean-close  25034 ms    70        fin after drain announcement
  tcp-0003  tcp    drained-clean-close  25035 ms    70        fin after drain announcement
  tcp-0004  tcp    drained-clean-close  25036 ms    70        fin after drain announcement
  tcp-0005  tcp    drained-clean-close  25036 ms    70        fin after drain announcement
  tcp-0006  tcp    drained-clean-close  25036 ms    70        fin after drain announcement
  tcp-0007  tcp    drained-clean-close  25037 ms    70        fin after drain announcement
  tcp-0008  tcp    drained-clean-close  25035 ms    70        fin after drain announcement
  tcp-0009  tcp    drained-clean-close  25037 ms    70        fin after drain announcement
  tcp-0010  tcp    drained-clean-close  25035 ms    70        fin after drain announcement
  udp-0001  udp    severed              2421 ms     24        answered by probe instance drainwatch-probe-5497cd7d46-8cqlt, was drainwatch-probe-5497cd7d46-x9hsk
  udp-0002  udp    severed              2421 ms     24        answered by probe instance drainwatch-probe-5497cd7d46-8cqlt, was drainwatch-probe-5497cd7d46-x9hsk
  udp-0003  udp    severed              2420 ms     24        answered by probe instance drainwatch-probe-5497cd7d46-8cqlt, was drainwatch-probe-5497cd7d46-x9hsk
  udp-0004  udp    severed              2420 ms     24        answered by probe instance drainwatch-probe-5497cd7d46-8cqlt, was drainwatch-probe-5497cd7d46-x9hsk
  udp-0005  udp    severed              2421 ms     24        answered by probe instance drainwatch-probe-5497cd7d46-8cqlt, was drainwatch-probe-5497cd7d46-x9hsk
  udp-0006  udp    severed              2422 ms     24        answered by probe instance drainwatch-probe-5497cd7d46-8cqlt, was drainwatch-probe-5497cd7d46-x9hsk
  udp-0007  udp    severed              2421 ms     24        answered by probe instance drainwatch-probe-5497cd7d46-8cqlt, was drainwatch-probe-5497cd7d46-x9hsk
  udp-0008  udp    severed              2421 ms     24        answered by probe instance drainwatch-probe-5497cd7d46-8cqlt, was drainwatch-probe-5497cd7d46-x9hsk
  udp-0009  udp    severed              2421 ms     24        answered by probe instance drainwatch-probe-5497cd7d46-8cqlt, was drainwatch-probe-5497cd7d46-x9hsk
  udp-0010  udp    severed              2421 ms     24        answered by probe instance drainwatch-probe-5497cd7d46-8cqlt, was drainwatch-probe-5497cd7d46-x9hsk

SUMMARY
  PROTO  TOTAL  DRAINED  SEVERED  READ_TIMEOUT  SURVIVED_WINDOW  NOT_MEASURED
  tcp    10     10       0        0             0                0
  udp    10     0        10       0             0                0

  trigger -> sigterm               32 ms
  sigterm -> endpoint ready:false  -9 ms
  trigger -> endpoint removed      25223 ms
  trigger -> container terminated  25216 ms
  sigterm -> last flow terminal    25005 ms
  NOTE: sigterm_to_ready_false_ms is negative (-9 ms): the SIGTERM timestamp comes from the probe's clock and the ready:false timestamp from the orchestrator's, so the true interval is smaller than the unmeasured skew between them. Read it as 'within clock skew of simultaneous', not as ready:false preceding SIGTERM.

CLOCKS
  t_ms is milliseconds relative to trigger_issued. Events from sources
  'orchestrator' and 'client' are taken from a single monotonic clock in the
  orchestrator process and are exact relative to the trigger. Events from
  source 'k8s' are stamped with the orchestrator's monotonic clock at the
  moment the watch event was received, so they include API-server write
  latency and watch dispatch latency and are an upper bound on when the
  change actually occurred. Events from source 'probe' are marked
  approximate: their t_ms is obtained by differencing wall clocks on two
  different hosts with no synchronisation guarantee, and should be read as
  accurate to tens of milliseconds, not sub-millisecond.
  Probe timestamps were mapped onto the orchestrator timebase as (probe wall
  clock - orchestrator wall clock at trigger_issued). Deltas between two
  probe events are exact because they share the probe's monotonic clock;
  deltas between a probe event and any other source carry the unmeasured
  host-to-host clock offset.

report written to /out/arm-D/trial-004/report.json

=== trial-005 (5 of 5): behavior=drain trigger=evict grace=30s ===
preflight [ ok ] probe-pod-ready                       750ms
preflight [ ok ] k8s-watches-delivering                  0ms
preflight [ ok ] service-endpoint-stable              2000ms
preflight [ ok ] flows-dialed                            5ms
preflight [ ok ] tcp-flows-established                 550ms
preflight [ ok ] udp-flows-replying                      0ms
trigger: evict drainwatch/drainwatch-probe-5497cd7d46-mz45w at 2026-09-01T01:09:44.8086501Z
all flows terminal at t+25141ms

drainwatch 0.1.0-10-g173d102 (173d102)  trial trial-005
==============================================================================
ENVIRONMENT
  kubernetes                  v1.34.0
  nodes                       2
    drainwatch-control-plane  containerd://2.1.3 / v1.34.0 / Debian GNU/Linux 12 (bookworm)
    drainwatch-worker         containerd://2.1.3 / v1.34.0 / Debian GNU/Linux 12 (bookworm)
  kube-proxy mode             iptables
  cni                         kindnet (identified by DaemonSet name; best effort)
  host                        linux/amd64
  started                     2026-09-01T01:06:30.952376531Z

CONFIG
  flows             10 tcp, 10 udp
  drain behavior    drain (DRAIN_MAX_SECONDS=25)
  trigger           evict
  grace period      30 s
  settle / observe  10 s / 60 s
  target            127.0.0.1 tcp:30071 udp:30072 (ns drainwatch)

TIMELINE (t_ms relative to trigger_issued)
  T_MS      SOURCE        EVENT                           DETAIL
  -13424    orchestrator  workload_applied                deployment=drainwatch/drainwatch-probe image=drainwatch-probe:0.1.0 grace=30s
  -13420    k8s           endpointslice_observed          drainwatch-probe-7mnm9 endpoints=0
  -13408    k8s           pod_observed                    drainwatch-probe-5497cd7d46-mz45w phase=Pending
  -12712 ~  probe         probe_started                   probe_version=0.1.0-10-g173d102 probe_commit=173d102 instance=drainwatch-probe-5497cd7d46-mz45w tcp=7001 udp=7002 readyz=7003 drain_max_seconds=25 exit_now_force_rst=true
  -12711 ~  probe         listening                       tcp=:7001 udp=:7002 readyz=:7003
  -10015    orchestrator  preflight_passed                10 tcp flows and 10 udp flows established; pod and EndpointSlice watches delivering
  -10015    orchestrator  probe_log_stream_opened         following container probe of pod drainwatch-probe-5497cd7d46-mz45w
  0         orchestrator  settle_complete                 held 10 tcp and 10 udp flows for 10s with no flow terminating
  0         orchestrator  trigger_issued                  trigger=evict target=drainwatch/drainwatch-probe-5497cd7d46-mz45w
  28        orchestrator  trigger_api_returned            api call returned success
  31        k8s           pod_deletion_timestamp_set      drainwatch-probe-5497cd7d46-mz45w deletionGracePeriodSeconds=30
  45        k8s           endpointslice_ready_false       Pod/drainwatch-probe-5497cd7d46-mz45w in drainwatch-probe-7mnm9 (terminating=true) serving=true
  50 ~      probe         drain_started                   established_flows=10 drain_max_seconds=25
  50 ~      probe         readyz_now_503                  /readyz now returns 503
  50 ~      probe         sigterm_received                signal=terminated
  50 ~      probe         stopped_accepting               tcp listener closed; established flows continue
  54        k8s           pod_observed                    drainwatch-probe-5497cd7d46-hnvc7 phase=Pending
  401       k8s           pod_ready_false                 drainwatch-probe-5497cd7d46-mz45w
  2436      client        flow_terminal                   udp-0008 severed: answered by probe instance drainwatch-probe-5497cd7d46-hnvc7, was drainwatch-probe-5497cd7d46-mz45w
  2436      client        flow_terminal                   udp-0010 severed: answered by probe instance drainwatch-probe-5497cd7d46-hnvc7, was drainwatch-probe-5497cd7d46-mz45w
  2437      client        flow_terminal                   udp-0001 severed: answered by probe instance drainwatch-probe-5497cd7d46-hnvc7, was drainwatch-probe-5497cd7d46-mz45w
  2437      client        flow_terminal                   udp-0002 severed: answered by probe instance drainwatch-probe-5497cd7d46-hnvc7, was drainwatch-probe-5497cd7d46-mz45w
  2437      client        flow_terminal                   udp-0003 severed: answered by probe instance drainwatch-probe-5497cd7d46-hnvc7, was drainwatch-probe-5497cd7d46-mz45w
  2437      client        flow_terminal                   udp-0004 severed: answered by probe instance drainwatch-probe-5497cd7d46-hnvc7, was drainwatch-probe-5497cd7d46-mz45w
  2437      client        flow_terminal                   udp-0005 severed: answered by probe instance drainwatch-probe-5497cd7d46-hnvc7, was drainwatch-probe-5497cd7d46-mz45w
  2437      client        flow_terminal                   udp-0006 severed: answered by probe instance drainwatch-probe-5497cd7d46-hnvc7, was drainwatch-probe-5497cd7d46-mz45w
  2437      client        flow_terminal                   udp-0007 severed: answered by probe instance drainwatch-probe-5497cd7d46-hnvc7, was drainwatch-probe-5497cd7d46-mz45w
  2437      client        flow_terminal                   udp-0009 severed: answered by probe instance drainwatch-probe-5497cd7d46-hnvc7, was drainwatch-probe-5497cd7d46-mz45w
  25049 ~   probe         drain_deadline_reached          drain window of 25s expired with 10 flows still open; closing them gracefully
  25050 ~   probe         tcp_flow_closed                 srv-tcp-0005 closed gracefully: drain-deadline
  25050 ~   probe         tcp_flow_closed                 srv-tcp-0007 closed gracefully: drain-deadline
  25051     client        flow_terminal                   tcp-0005 drained-clean-close: fin after drain announcement
  25051     client        flow_terminal                   tcp-0007 drained-clean-close: fin after drain announcement
  25051 ~   probe         tcp_flow_closed                 srv-tcp-0001 closed gracefully: drain-deadline
  25051 ~   probe         tcp_flow_closed                 srv-tcp-0004 closed gracefully: drain-deadline
  25051 ~   probe         tcp_flow_closed                 srv-tcp-0006 closed gracefully: drain-deadline
  25051 ~   probe         tcp_flow_closed                 srv-tcp-0008 closed gracefully: drain-deadline
  25052     client        flow_terminal                   tcp-0001 drained-clean-close: fin after drain announcement
  25052     client        flow_terminal                   tcp-0004 drained-clean-close: fin after drain announcement
  25052     client        flow_terminal                   tcp-0006 drained-clean-close: fin after drain announcement
  25052     client        flow_terminal                   tcp-0008 drained-clean-close: fin after drain announcement
  25052 ~   probe         tcp_flow_closed                 srv-tcp-0009 closed gracefully: drain-deadline
  25052 ~   probe         tcp_flow_closed                 srv-tcp-0010 closed gracefully: drain-deadline
  25052 ~   probe         tcp_flow_closed                 srv-tcp-0002 closed gracefully: drain-deadline
  25052 ~   probe         tcp_flow_closed                 srv-tcp-0003 closed gracefully: drain-deadline
  25053     client        flow_terminal                   tcp-0002 drained-clean-close: fin after drain announcement
  25053     client        flow_terminal                   tcp-0003 drained-clean-close: fin after drain announcement
  25053     client        flow_terminal                   tcp-0009 drained-clean-close: fin after drain announcement
  25053     client        flow_terminal                   tcp-0010 drained-clean-close: fin after drain announcement
  25053 ~   probe         exiting                         exit(0) after drain
  25141     orchestrator  all_flows_terminal              all 20 flows reached a terminal event; continuing to watch for 5s to catch trailing cluster events
  25226     k8s           container_terminated            probe exitCode=0 reason=Completed signal=0 finishedAt=2026-09-01T01:10:09Z
  25230     k8s           endpointslice_endpoint_removed  Pod/drainwatch-probe-5497cd7d46-mz45w removed from drainwatch-probe-7mnm9
  25553     k8s           pod_object_deleted              drainwatch-probe-5497cd7d46-mz45w removed from the API
  30218     orchestrator  observation_window_closed       window=60s; flows still alive at this instant are recorded as survived-observation-window
  30218     orchestrator  probe_log_stream_ended          collected 755 probe events
  (~ marks a cross-host approximate timestamp; see clock_note)

FLOWS
  ID        PROTO  OUTCOME              T_TERMINAL  LAST_SEQ  DETAIL
  tcp-0001  tcp    drained-clean-close  25052 ms    70        fin after drain announcement
  tcp-0002  tcp    drained-clean-close  25053 ms    70        fin after drain announcement
  tcp-0003  tcp    drained-clean-close  25053 ms    70        fin after drain announcement
  tcp-0004  tcp    drained-clean-close  25052 ms    70        fin after drain announcement
  tcp-0005  tcp    drained-clean-close  25051 ms    70        fin after drain announcement
  tcp-0006  tcp    drained-clean-close  25052 ms    70        fin after drain announcement
  tcp-0007  tcp    drained-clean-close  25051 ms    70        fin after drain announcement
  tcp-0008  tcp    drained-clean-close  25052 ms    70        fin after drain announcement
  tcp-0009  tcp    drained-clean-close  25053 ms    70        fin after drain announcement
  tcp-0010  tcp    drained-clean-close  25053 ms    70        fin after drain announcement
  udp-0001  udp    severed              2437 ms     24        answered by probe instance drainwatch-probe-5497cd7d46-hnvc7, was drainwatch-probe-5497cd7d46-mz45w
  udp-0002  udp    severed              2437 ms     24        answered by probe instance drainwatch-probe-5497cd7d46-hnvc7, was drainwatch-probe-5497cd7d46-mz45w
  udp-0003  udp    severed              2437 ms     24        answered by probe instance drainwatch-probe-5497cd7d46-hnvc7, was drainwatch-probe-5497cd7d46-mz45w
  udp-0004  udp    severed              2437 ms     24        answered by probe instance drainwatch-probe-5497cd7d46-hnvc7, was drainwatch-probe-5497cd7d46-mz45w
  udp-0005  udp    severed              2437 ms     24        answered by probe instance drainwatch-probe-5497cd7d46-hnvc7, was drainwatch-probe-5497cd7d46-mz45w
  udp-0006  udp    severed              2437 ms     24        answered by probe instance drainwatch-probe-5497cd7d46-hnvc7, was drainwatch-probe-5497cd7d46-mz45w
  udp-0007  udp    severed              2437 ms     24        answered by probe instance drainwatch-probe-5497cd7d46-hnvc7, was drainwatch-probe-5497cd7d46-mz45w
  udp-0008  udp    severed              2436 ms     24        answered by probe instance drainwatch-probe-5497cd7d46-hnvc7, was drainwatch-probe-5497cd7d46-mz45w
  udp-0009  udp    severed              2437 ms     24        answered by probe instance drainwatch-probe-5497cd7d46-hnvc7, was drainwatch-probe-5497cd7d46-mz45w
  udp-0010  udp    severed              2436 ms     24        answered by probe instance drainwatch-probe-5497cd7d46-hnvc7, was drainwatch-probe-5497cd7d46-mz45w

SUMMARY
  PROTO  TOTAL  DRAINED  SEVERED  READ_TIMEOUT  SURVIVED_WINDOW  NOT_MEASURED
  tcp    10     10       0        0             0                0
  udp    10     0        10       0             0                0

  trigger -> sigterm               50 ms
  sigterm -> endpoint ready:false  -5 ms
  trigger -> endpoint removed      25230 ms
  trigger -> container terminated  25226 ms
  sigterm -> last flow terminal    25003 ms
  NOTE: sigterm_to_ready_false_ms is negative (-5 ms): the SIGTERM timestamp comes from the probe's clock and the ready:false timestamp from the orchestrator's, so the true interval is smaller than the unmeasured skew between them. Read it as 'within clock skew of simultaneous', not as ready:false preceding SIGTERM.

CLOCKS
  t_ms is milliseconds relative to trigger_issued. Events from sources
  'orchestrator' and 'client' are taken from a single monotonic clock in the
  orchestrator process and are exact relative to the trigger. Events from
  source 'k8s' are stamped with the orchestrator's monotonic clock at the
  moment the watch event was received, so they include API-server write
  latency and watch dispatch latency and are an upper bound on when the
  change actually occurred. Events from source 'probe' are marked
  approximate: their t_ms is obtained by differencing wall clocks on two
  different hosts with no synchronisation guarantee, and should be read as
  accurate to tens of milliseconds, not sub-millisecond.
  Probe timestamps were mapped onto the orchestrator timebase as (probe wall
  clock - orchestrator wall clock at trigger_issued). Deltas between two
  probe events are exact because they share the probe's monotonic clock;
  deltas between a probe event and any other source carry the unmeasured
  host-to-host clock offset.

report written to /out/arm-D/trial-005/report.json

drainwatch 0.1.0-10-g173d102 (173d102)  5 trial(s)
==============================================================================
  TRIAL      BEHAVIOR  TRIGGER  TCP(d/s/rt/sw)  UDP(d/s/rt/sw)  TRIG->TERM  SIGTERM->READY_FALSE  SIGTERM->LAST_FLOW
  trial-001  drain     evict    10/0/0/0        0/10/0/0        59 ms       -28 ms                25006 ms
  trial-002  drain     evict    10/0/0/0        0/10/0/0        32 ms       -6 ms                 25005 ms
  trial-003  drain     evict    10/0/0/0        0/10/0/0        29 ms       -4 ms                 25005 ms
  trial-004  drain     evict    10/0/0/0        0/10/0/0        32 ms       -9 ms                 25005 ms
  trial-005  drain     evict    10/0/0/0        0/10/0/0        50 ms       -5 ms                 25003 ms
  legend: d=drained-clean-close s=severed rt=read-timeout sw=survived-observation-window
summary written to /out/arm-D/summary.json

dwrun: the orchestrator ran inside drainwatch-worker; its output paths above are container paths.
dwrun: reports copied to results/2026-09-01-repeat5-kind-v1.34.0/arm-D/ on this machine.
